mode: set
github.com/Elenetta17/iris-web-service/internal/httpapi/handlers.go:20.55,24.2 2 1
github.com/Elenetta17/iris-web-service/internal/httpapi/handlers.go:26.59,29.33 2 1
github.com/Elenetta17/iris-web-service/internal/httpapi/handlers.go:29.33,32.3 2 1
github.com/Elenetta17/iris-web-service/internal/httpapi/handlers.go:34.2,34.38 1 1
github.com/Elenetta17/iris-web-service/internal/httpapi/handlers.go:34.38,37.3 2 1
github.com/Elenetta17/iris-web-service/internal/httpapi/handlers.go:39.2,40.16 2 1
github.com/Elenetta17/iris-web-service/internal/httpapi/handlers.go:40.16,42.3 1 1
github.com/Elenetta17/iris-web-service/internal/httpapi/handlers.go:44.2,48.50 2 1
github.com/Elenetta17/iris-web-service/internal/config/config.go:32.28,39.2 6 1
github.com/Elenetta17/iris-web-service/internal/config/config.go:42.43,47.27 2 1
github.com/Elenetta17/iris-web-service/internal/config/config.go:47.27,49.17 2 1
github.com/Elenetta17/iris-web-service/internal/config/config.go:49.17,50.27 1 1
github.com/Elenetta17/iris-web-service/internal/config/config.go:50.27,52.5 1 1
github.com/Elenetta17/iris-web-service/internal/config/config.go:54.9,55.52 1 1
github.com/Elenetta17/iris-web-service/internal/config/config.go:55.52,57.5 1 1
github.com/Elenetta17/iris-web-service/internal/config/config.go:62.2,62.20 1 1
github.com/Elenetta17/iris-web-service/internal/config/config.go:62.20,64.3 1 1
github.com/Elenetta17/iris-web-service/internal/config/config.go:65.2,65.31 1 1
github.com/Elenetta17/iris-web-service/internal/config/config.go:65.31,67.3 1 1
github.com/Elenetta17/iris-web-service/internal/config/config.go:69.2,69.17 1 1
github.com/Elenetta17/iris-web-service/internal/config/defaults.go:6.30,16.2 1 1
github.com/Elenetta17/iris-web-service/internal/metrics/metrics.go:21.49,22.71 1 1
github.com/Elenetta17/iris-web-service/internal/metrics/metrics.go:22.71,25.3 2 1
github.com/Elenetta17/iris-web-service/cmd/iris-web-service/main.go:9.13,10.30 1 0
github.com/Elenetta17/iris-web-service/cmd/iris-web-service/main.go:10.30,12.3 1 0
github.com/Elenetta17/iris-web-service/cmd/iris-web-service/main.go:15.18,19.16 3 1
github.com/Elenetta17/iris-web-service/cmd/iris-web-service/main.go:19.16,21.3 1 1
github.com/Elenetta17/iris-web-service/cmd/iris-web-service/main.go:23.2,23.17 1 1
github.com/Elenetta17/iris-web-service/cmd/iris-web-service/server.go:20.36,22.2 1 1
github.com/Elenetta17/iris-web-service/cmd/iris-web-service/server.go:26.67,35.75 5 1
github.com/Elenetta17/iris-web-service/cmd/iris-web-service/server.go:35.75,39.3 3 1
github.com/Elenetta17/iris-web-service/cmd/iris-web-service/server.go:41.2,51.12 3 1
github.com/Elenetta17/iris-web-service/cmd/iris-web-service/server.go:51.12,53.80 2 1
github.com/Elenetta17/iris-web-service/cmd/iris-web-service/server.go:53.80,55.4 1 1
github.com/Elenetta17/iris-web-service/cmd/iris-web-service/server.go:59.2,59.17 1 1
github.com/Elenetta17/iris-web-service/cmd/iris-web-service/server.go:59.17,62.3 2 1
github.com/Elenetta17/iris-web-service/cmd/iris-web-service/server.go:64.2,64.9 1 1
github.com/Elenetta17/iris-web-service/cmd/iris-web-service/server.go:65.14,66.41 1 1
github.com/Elenetta17/iris-web-service/cmd/iris-web-service/server.go:67.26,68.45 1 1
github.com/Elenetta17/iris-web-service/cmd/iris-web-service/server.go:72.2,75.45 3 1
github.com/Elenetta17/iris-web-service/cmd/iris-web-service/server.go:75.45,77.3 1 1
github.com/Elenetta17/iris-web-service/cmd/iris-web-service/server.go:79.2,80.12 2 1
