mode: set
github.com/Elenetta17/iris-web-service/cmd/iris-web-service/main.go:9.13,10.30 1 0
github.com/Elenetta17/iris-web-service/cmd/iris-web-service/main.go:10.30,12.3 1 0
github.com/Elenetta17/iris-web-service/cmd/iris-web-service/main.go:15.18,19.16 3 1
github.com/Elenetta17/iris-web-service/cmd/iris-web-service/main.go:19.16,21.3 1 1
github.com/Elenetta17/iris-web-service/cmd/iris-web-service/main.go:23.2,23.17 1 1
github.com/Elenetta17/iris-web-service/cmd/iris-web-service/server.go:20.36,22.2 1 1
github.com/Elenetta17/iris-web-service/cmd/iris-web-service/server.go:26.67,35.75 5 1
github.com/Elenetta17/iris-web-service/cmd/iris-web-service/server.go:35.75,39.3 3 1
github.com/Elenetta17/iris-web-service/cmd/iris-web-service/server.go:41.2,51.12 3 1
github.com/Elenetta17/iris-web-service/cmd/iris-web-service/server.go:51.12,53.80 2 1
github.com/Elenetta17/iris-web-service/cmd/iris-web-service/server.go:53.80,55.4 1 1
github.com/Elenetta17/iris-web-service/cmd/iris-web-service/server.go:59.2,59.17 1 1
github.com/Elenetta17/iris-web-service/cmd/iris-web-service/server.go:59.17,62.3 2 1
github.com/Elenetta17/iris-web-service/cmd/iris-web-service/server.go:64.2,64.9 1 1
github.com/Elenetta17/iris-web-service/cmd/iris-web-service/server.go:65.14,66.41 1 1
github.com/Elenetta17/iris-web-service/cmd/iris-web-service/server.go:67.26,68.45 1 1
github.com/Elenetta17/iris-web-service/cmd/iris-web-service/server.go:72.2,75.45 3 1
github.com/Elenetta17/iris-web-service/cmd/iris-web-service/server.go:75.45,77.3 1 1
github.com/Elenetta17/iris-web-service/cmd/iris-web-service/server.go:79.2,80.12 2 1
